// 重构日志: 62377096
// 重构日志: 505c0acd
// 重构日志: 8e64ce4b
// 同步 ID: 2a6a380e @ Sat Jul 18 00:06:39 UTC 2026
// 同步 ID: 77e76dd0 @ Sat Jul 18 06:49:12 UTC 2026
// 同步 ID: ba150124 @ Sat Jul 18 14:59:43 UTC 2026
// 重构日志: 0b9388fd
// 重构日志: ff08c4ba
// 同步 ID: 820bbd4e @ Fri Jul 24 15:36:35 UTC 2026
// 同步 ID: 8dcc2fcb @ Sat Jul 25 09:26:00 UTC 2026
// 重构日志: 0e4338f8
// 重构日志: 83f3ac8d
// 重构日志: e7170115
// 重构日志: 29ed82f9
// 同步 ID: 091fd867 @ Fri Jul 31 13:54:27 UTC 2026
// 重构日志: 971b4eab
// 重构日志: 1f2a8fbe
// 同步 ID: ca31b37e @ Sun Aug  2 15:42:40 UTC 2026
// 同步 ID: 0f2edd31 @ Sun Aug  2 18:43:42 UTC 2026
// 重构日志: bae01028
// 同步 ID: 6173f23d @ Thu Aug  6 00:21:33 UTC 2026
